[templates.envytheme.com/eeza/default/index.html]
[templates.envytheme.com/eeza/default/assets/css/bootstrap.min.css]
[templates.envytheme.com/eeza/default/assets/css/aos.css]
[templates.envytheme.com/eeza/default/assets/css/animate.min.css]
[templates.envytheme.com/eeza/default/assets/css/meanmenu.css]
[templates.envytheme.com/eeza/default/assets/css/flaticon.css]
[templates.envytheme.com/eeza/default/assets/css/remixicon.css]
[templates.envytheme.com/eeza/default/assets/css/odometer.min.css]
[templates.envytheme.com/eeza/default/assets/css/owl.carousel.min.css]
[templates.envytheme.com/eeza/default/assets/css/owl.theme.default.min.css]
[templates.envytheme.com/eeza/default/assets/css/magnific-popup.min.css]
[templates.envytheme.com/eeza/default/assets/css/fancybox.min.css]
[templates.envytheme.com/eeza/default/assets/css/selectize.min.css]
[templates.envytheme.com/eeza/default/assets/css/metismenu.min.css]
[templates.envytheme.com/eeza/default/assets/css/simplebar.min.css]
[templates.envytheme.com/eeza/default/assets/css/dropzone.min.css]
[templates.envytheme.com/eeza/default/assets/css/style.css]
[templates.envytheme.com/eeza/default/assets/css/navbar.css]
[templates.envytheme.com/eeza/default/assets/css/footer.css]
[templates.envytheme.com/eeza/default/assets/css/dashboard.css]
[templates.envytheme.com/eeza/default/assets/css/dark.css]
[backblue.gif]
[fade.gif]
[index.html]
[templates.envytheme.com/eeza/default/assets/css/responsive.css]
[templates.envytheme.com/eeza/default/assets/images/favicon.png]
[templates.envytheme.com/eeza/default/profile-authentication.html]
[templates.envytheme.com/eeza/default/assets/images/uk.png]
[templates.envytheme.com/eeza/default/assets/images/china.png]
[templates.envytheme.com/eeza/default/assets/images/uae.png]
[templates.envytheme.com/eeza/default/assets/images/logo.png]
[templates.envytheme.com/eeza/default/assets/images/logo-2.png]
[templates.envytheme.com/eeza/default/index-2.html]
[templates.envytheme.com/eeza/default/index-3.html]
[templates.envytheme.com/eeza/default/job-listing-1.html]
[templates.envytheme.com/eeza/default/job-listing-2.html]
[templates.envytheme.com/eeza/default/job-listing-3.html]
[templates.envytheme.com/eeza/default/add-listing.html]
[templates.envytheme.com/eeza/default/my-listing.html]
[templates.envytheme.com/eeza/default/job-details-1.html]
[templates.envytheme.com/eeza/default/job-details-2.html]
[templates.envytheme.com/eeza/default/candidates-1.html]
[templates.envytheme.com/eeza/default/candidates-2.html]
[templates.envytheme.com/eeza/default/dashboard-submit-resume.html]
[templates.envytheme.com/eeza/default/add-resume.html]
[templates.envytheme.com/eeza/default/my-resume.html]
[templates.envytheme.com/eeza/default/candidates-details-1.html]
[templates.envytheme.com/eeza/default/candidates-details-2.html]
[templates.envytheme.com/eeza/default/candidates-dashboard.html]
[templates.envytheme.com/eeza/default/employers.html]
[templates.envytheme.com/eeza/default/employers-details.html]
[templates.envytheme.com/eeza/default/dashboard.html]
[templates.envytheme.com/eeza/default/shop.html]
[templates.envytheme.com/eeza/default/shop-details.html]
[templates.envytheme.com/eeza/default/cart.html]
[templates.envytheme.com/eeza/default/checkout.html]
[templates.envytheme.com/eeza/default/my-account.html]
[templates.envytheme.com/eeza/default/about-us.html]
[templates.envytheme.com/eeza/default/pricing-plan.html]
[templates.envytheme.com/eeza/default/gallery.html]
[templates.envytheme.com/eeza/default/testimonials.html]
[templates.envytheme.com/eeza/default/faq.html]
[templates.envytheme.com/eeza/default/dashboard-invoice.html]
[templates.envytheme.com/eeza/default/terms-of-service.html]
[templates.envytheme.com/eeza/default/privacy-policy.html]
[templates.envytheme.com/eeza/default/error-404.html]
[templates.envytheme.com/eeza/default/coming-soon.html]
[templates.envytheme.com/eeza/default/blog.html]
[templates.envytheme.com/eeza/default/blog-right-sidebar.html]
[templates.envytheme.com/eeza/default/blog-details.html]
[templates.envytheme.com/eeza/default/contact.html]
[templates.envytheme.com/eeza/default/dashboard-post-job.html]
[templates.envytheme.com/eeza/default/assets/images/main-banner/banner-one/eeza-text-gif.gif]
[templates.envytheme.com/eeza/default/assets/images/main-banner/banner-one/layer.png]
[templates.envytheme.com/eeza/default/assets/images/play-video/play-video.jpg]
[templates.envytheme.com/eeza/default/assets/images/play-video/layer.png]
[templates.envytheme.com/eeza/default/assets/images/category/category-1.png]
[templates.envytheme.com/eeza/default/assets/images/category/category-2.png]
[templates.envytheme.com/eeza/default/assets/images/category/category-3.png]
[templates.envytheme.com/eeza/default/assets/images/category/category-4.png]
[templates.envytheme.com/eeza/default/assets/images/category/category-5.png]
[templates.envytheme.com/eeza/default/assets/images/category/category-6.png]
[templates.envytheme.com/eeza/default/assets/images/category/category-7.png]
[templates.envytheme.com/eeza/default/assets/images/category/category-8.png]
[templates.envytheme.com/eeza/default/assets/images/featured-candidates/candidates-1.jpg]
[templates.envytheme.com/eeza/default/assets/images/featured-candidates/candidates-2.jpg]
[templates.envytheme.com/eeza/default/assets/images/featured-candidates/candidates-3.jpg]
[templates.envytheme.com/eeza/default/assets/images/featured-candidates/candidates-4.jpg]
[templates.envytheme.com/eeza/default/assets/images/featured-candidates/candidates-5.jpg]
[templates.envytheme.com/eeza/default/assets/images/featured-candidates/candidates-6.jpg]
[templates.envytheme.com/eeza/default/assets/images/featured-candidates/layer.png]
[templates.envytheme.com/eeza/default/assets/images/featured-candidates/image-7.jpg]
[templates.envytheme.com/eeza/default/assets/images/featured-candidates/image-2.jpg]
[templates.envytheme.com/eeza/default/assets/images/featured-candidates/image-3.jpg]
[templates.envytheme.com/eeza/default/assets/images/featured-candidates/shape-1.png]
[templates.envytheme.com/eeza/default/assets/images/review/layer.png]
[templates.envytheme.com/eeza/default/assets/images/review/review-1.jpg]
[templates.envytheme.com/eeza/default/assets/images/review/review-2.jpg]
[templates.envytheme.com/eeza/default/assets/images/partner/partner-1.png]
[templates.envytheme.com/eeza/default/assets/images/partner/partner-2.png]
[templates.envytheme.com/eeza/default/assets/images/partner/partner-3.png]
[templates.envytheme.com/eeza/default/assets/images/partner/partner-4.png]
[templates.envytheme.com/eeza/default/assets/images/partner/partner-5.png]
[templates.envytheme.com/eeza/default/assets/images/partner/partner-6.png]
[templates.envytheme.com/eeza/default/assets/images/partner/layer.png]
[templates.envytheme.com/eeza/default/assets/images/mobile-app/layer.png]
[templates.envytheme.com/eeza/default/assets/images/mobile-app/app-1.png]
[templates.envytheme.com/eeza/default/assets/images/mobile-app/app-2.png]
[templates.envytheme.com/eeza/default/assets/images/mobile-app/app-3.png]
[templates.envytheme.com/eeza/default/assets/images/mobile-app/shape.png]
[templates.envytheme.com/eeza/default/assets/images/layer-shape.png]
[templates.envytheme.com/eeza/default/assets/images/newsletter/layer.png]
[templates.envytheme.com/eeza/default/assets/images/newsletter/newsletter-1.png]
[templates.envytheme.com/eeza/default/assets/images/blog/blog-large.jpg]
[templates.envytheme.com/eeza/default/assets/images/blog/layer.png]
[templates.envytheme.com/eeza/default/assets/images/blog/blog-1.jpg]
[templates.envytheme.com/eeza/default/assets/images/blog/blog-2.jpg]
[templates.envytheme.com/eeza/default/assets/images/blog/blog-3.jpg]
[templates.envytheme.com/eeza/default/assets/images/blog/blog-4.jpg]
[templates.envytheme.com/eeza/default/assets/images/blog/blog-5.jpg]
[templates.envytheme.com/eeza/default/assets/images/blog/blog-6.jpg]
[templates.envytheme.com/eeza/default/assets/images/blog/blog-7.jpg]
[templates.envytheme.com/eeza/default/assets/images/blog/blog-8.jpg]
[templates.envytheme.com/cdn-cgi/scripts/5c5dd728/cloudflare-static/email-decode.min.js]
[templates.envytheme.com/eeza/default/assets/js/jquery.min.js]
[templates.envytheme.com/eeza/default/assets/js/bootstrap.bundle.min.js]
[templates.envytheme.com/eeza/default/assets/js/jquery.meanmenu.js]
[templates.envytheme.com/eeza/default/assets/js/owl.carousel.min.js]
[templates.envytheme.com/eeza/default/assets/js/jquery.appear.js]
[templates.envytheme.com/eeza/default/assets/js/odometer.min.js]
[templates.envytheme.com/eeza/default/assets/js/jquery.magnific-popup.min.js]
[templates.envytheme.com/eeza/default/assets/js/fancybox.min.js]
[templates.envytheme.com/eeza/default/assets/js/selectize.min.js]
[templates.envytheme.com/eeza/default/assets/js/TweenMax.min.js]
[templates.envytheme.com/eeza/default/assets/js/aos.js]
[templates.envytheme.com/eeza/default/assets/js/metismenu.min.js]
[templates.envytheme.com/eeza/default/assets/js/simplebar.min.js]
[templates.envytheme.com/eeza/default/assets/js/dropzone.min.js]
[templates.envytheme.com/eeza/default/assets/js/sticky-sidebar.min.js]
[templates.envytheme.com/eeza/default/assets/js/jquery.ajaxchimp.min.js]
[templates.envytheme.com/eeza/default/assets/js/form-validator.min.js]
[templates.envytheme.com/eeza/default/assets/js/contact-form-script.js]
[templates.envytheme.com/eeza/default/assets/js/wow.min.js]
[templates.envytheme.com/eeza/default/index.html]
[templates.envytheme.com/eeza/default/assets/css/bootstrap.min.css]
[templates.envytheme.com/eeza/default/assets/css/aos.css]
[templates.envytheme.com/eeza/default/assets/css/animate.min.css]
[templates.envytheme.com/eeza/default/assets/css/meanmenu.css]
[templates.envytheme.com/eeza/default/assets/js/main.js]
[templates.envytheme.com/eeza/default/assets/fonts/flaticon89b2.ttf]
[templates.envytheme.com/eeza/default/assets/fonts/flaticon89b2.woff]
[templates.envytheme.com/eeza/default/assets/fonts/flaticon89b2.woff2]
[templates.envytheme.com/eeza/default/assets/fonts/flaticon89b2.eot]
[templates.envytheme.com/eeza/default/assets/css/flaticon.css]
[templates.envytheme.com/eeza/default/assets/fonts/flaticon89b2.svg]
[templates.envytheme.com/eeza/default/assets/fonts/remixicondf6d.eot]
[templates.envytheme.com/eeza/default/assets/fonts/remixicondf6d.woff2]
[templates.envytheme.com/eeza/default/assets/fonts/remixicondf6d.woff]
[templates.envytheme.com/eeza/default/assets/fonts/remixicondf6d.ttf]
[templates.envytheme.com/eeza/default/assets/fonts/remixicondf6d.svg]
[templates.envytheme.com/eeza/default/assets/css/remixicon.css]
[templates.envytheme.com/eeza/default/assets/css/odometer.min.css]
[templates.envytheme.com/eeza/default/assets/css/owl.video.play.png]
[templates.envytheme.com/eeza/default/assets/css/owl.carousel.min.css]
[templates.envytheme.com/eeza/default/assets/css/owl.theme.default.min.css]
[templates.envytheme.com/eeza/default/assets/css/magnific-popup.min.css]
[templates.envytheme.com/eeza/default/assets/css/fancybox.min.css]
[templates.envytheme.com/eeza/default/assets/css/selectize.min.css]
[templates.envytheme.com/eeza/default/assets/css/metismenu.min.css]
[templates.envytheme.com/eeza/default/assets/css/simplebar.min.css]
[templates.envytheme.com/eeza/default/assets/css/dropzone.min.css]
[templates.envytheme.com/eeza/default/assets/images/main-banner/banner-two/banner-bg.jpg]
[templates.envytheme.com/eeza/default/assets/images/review/review-bg.jpg]
[templates.envytheme.com/eeza/default/assets/images/page-banner/banner-1.jpg]
[templates.envytheme.com/eeza/default/assets/images/page-banner/banner-2.jpg]
[templates.envytheme.com/eeza/default/assets/images/page-banner/banner-3.jpg]
[templates.envytheme.com/eeza/default/assets/images/page-banner/banner-4.jpg]
[templates.envytheme.com/eeza/default/assets/images/coming-soon-bg.jpg]
[templates.envytheme.com/eeza/default/assets/css/style.css]
[templates.envytheme.com/eeza/default/assets/css/navbar.css]
[templates.envytheme.com/eeza/default/assets/css/footer.css]
[templates.envytheme.com/eeza/default/assets/css/dashboard.css]
[i.ibb.co/FxzBYR9/night.png]
[i.ibb.co/7JfqXxB/sunny.png]
[templates.envytheme.com/eeza/default/assets/css/dark.css]
[templates.envytheme.com/eeza/default/assets/css/responsive.css]
[templates.envytheme.com/eeza/default/profile-authentication.html]
[templates.envytheme.com/eeza/default/assets/images/about/about-1.png]
[templates.envytheme.com/eeza/default/assets/images/job-seeker/seeker-1.png]
[templates.envytheme.com/eeza/default/assets/images/job-seeker/layer-1.png]
[templates.envytheme.com/eeza/default/assets/images/job-seeker/seeker-2.png]
[templates.envytheme.com/eeza/default/assets/images/job-seeker/layer-2.png]
[templates.envytheme.com/eeza/default/assets/images/job-seeker/seeker-3.png]
[templates.envytheme.com/eeza/default/assets/images/play-video/play-video-2.png]
[templates.envytheme.com/eeza/default/assets/images/job/job-1.png]
[templates.envytheme.com/eeza/default/assets/images/job/job-2.png]
[templates.envytheme.com/eeza/default/assets/images/job/job-3.png]
[templates.envytheme.com/eeza/default/assets/images/job/job-4.png]
[templates.envytheme.com/eeza/default/assets/images/job/job-5.png]
[templates.envytheme.com/eeza/default/assets/images/job/job-6.png]
[templates.envytheme.com/eeza/default/assets/images/featured-candidates/image-8.jpg]
[templates.envytheme.com/eeza/default/assets/images/overview/overview-1.jpg]
[templates.envytheme.com/eeza/default/assets/images/overview/overview-2.jpg]
[templates.envytheme.com/eeza/default/assets/images/overview/overview-3.jpg]
[templates.envytheme.com/eeza/default/assets/images/overview/shape.png]
[templates.envytheme.com/eeza/default/index-2.html]
[templates.envytheme.com/eeza/default/assets/images/main-banner/banner-three/banner-1.png]
[templates.envytheme.com/eeza/default/assets/images/main-banner/banner-three/banner-bg-shape.png]
[templates.envytheme.com/eeza/default/assets/images/candidates/candidates-1.jpg]
[templates.envytheme.com/eeza/default/assets/images/candidates/candidates-2.jpg]
[templates.envytheme.com/eeza/default/assets/images/candidates/candidates-3.jpg]
[templates.envytheme.com/eeza/default/assets/images/candidates/candidates-4.jpg]
[templates.envytheme.com/eeza/default/assets/images/candidates/candidates-5.jpg]
[templates.envytheme.com/eeza/default/assets/images/candidates/candidates-6.jpg]
[templates.envytheme.com/eeza/default/index-3.html]
[templates.envytheme.com/eeza/default/job-listing-1.html]
[templates.envytheme.com/eeza/default/job-listing-2.html]
[templates.envytheme.com/eeza/default/job-listing-3.html]
[templates.envytheme.com/eeza/default/add-listing.html]
[templates.envytheme.com/eeza/default/my-listing.html]
[templates.envytheme.com/eeza/default/job-details-1.html]
[templates.envytheme.com/eeza/default/assets/images/job-details.jpg]
[templates.envytheme.com/eeza/default/job-details-2.html]
[templates.envytheme.com/eeza/default/assets/images/featured-candidates/image-1.jpg]
[templates.envytheme.com/eeza/default/assets/images/featured-candidates/image-4.jpg]
[templates.envytheme.com/eeza/default/assets/images/featured-candidates/image-5.jpg]
[templates.envytheme.com/eeza/default/assets/images/featured-candidates/image-6.jpg]
[templates.envytheme.com/eeza/default/candidates-1.html]
[templates.envytheme.com/eeza/default/candidates-2.html]
[templates.envytheme.com/eeza/default/dashboard-company-profile.html]
[templates.envytheme.com/eeza/default/dashboard-manage-job.html]
[templates.envytheme.com/eeza/default/dashboard-applicants.html]
[templates.envytheme.com/eeza/default/dashboard-shorlisted-resume.html]
[templates.envytheme.com/eeza/default/dashboard-packages.html]
[templates.envytheme.com/eeza/default/dashboard-messages.html]
[templates.envytheme.com/eeza/default/dashboard-resume-alerts.html]
[templates.envytheme.com/eeza/default/dashboard-change-password.html]
[templates.envytheme.com/eeza/default/dashboard-my-profile.html]
[templates.envytheme.com/eeza/default/assets/images/dashboard/user1.jpg]
[templates.envytheme.com/eeza/default/dashboard-submit-resume.html]
[templates.envytheme.com/eeza/default/add-resume.html]
[templates.envytheme.com/eeza/default/my-resume.html]
[templates.envytheme.com/eeza/default/assets/images/candidates/candidates-7.jpg]
[templates.envytheme.com/eeza/default/assets/images/comments/comments-1.jpg]
[templates.envytheme.com/eeza/default/assets/images/comments/comments-2.jpg]
[templates.envytheme.com/eeza/default/assets/images/comments/comments-3.jpg]
[templates.envytheme.com/eeza/default/candidates-details-1.html]
[templates.envytheme.com/eeza/default/assets/images/candidates-details.jpg]
[templates.envytheme.com/eeza/default/candidates-details-2.html]
[templates.envytheme.com/eeza/default/candidates-dashboard-my-profile.html]
[templates.envytheme.com/eeza/default/candidates-dashboard-my-resume.html]
[templates.envytheme.com/eeza/default/candidates-dashboard-applied-job.html]
[templates.envytheme.com/eeza/default/candidates-dashboard-job-alerts.html]
[templates.envytheme.com/eeza/default/candidates-dashboard-shortlisted-job.html]
[templates.envytheme.com/eeza/default/candidates-dashboard-cv-manager.html]
[templates.envytheme.com/eeza/default/candidates-dashboard-submit-resume.html]
[templates.envytheme.com/eeza/default/assets/images/job/job-7.png]
[templates.envytheme.com/eeza/default/assets/images/job/job-8.png]
[templates.envytheme.com/eeza/default/candidates-dashboard.html]
[templates.envytheme.com/eeza/default/assets/images/employers/employers-1.png]
[templates.envytheme.com/eeza/default/assets/images/employers/employers-2.png]
[templates.envytheme.com/eeza/default/assets/images/employers/employers-3.png]
[templates.envytheme.com/eeza/default/assets/images/employers/employers-4.png]
[templates.envytheme.com/eeza/default/assets/images/employers/employers-5.png]
[templates.envytheme.com/eeza/default/assets/images/employers/employers-6.png]
[templates.envytheme.com/eeza/default/assets/images/employers/employers-7.png]
[templates.envytheme.com/eeza/default/assets/images/employers/employers-8.png]
[templates.envytheme.com/eeza/default/assets/images/employers/employers-9.png]
[templates.envytheme.com/eeza/default/employers.html]
[templates.envytheme.com/eeza/default/assets/images/employers-details.jpg]
[templates.envytheme.com/eeza/default/employers-details.html]
[templates.envytheme.com/eeza/default/assets/images/applicants/applicants-1.jpg]
[templates.envytheme.com/eeza/default/assets/images/applicants/applicants-2.jpg]
[templates.envytheme.com/eeza/default/assets/images/applicants/applicants-3.jpg]
[templates.envytheme.com/eeza/default/assets/images/applicants/applicants-4.jpg]
[templates.envytheme.com/eeza/default/assets/images/applicants/applicants-5.jpg]
[templates.envytheme.com/eeza/default/assets/images/applicants/applicants-6.jpg]
[templates.envytheme.com/eeza/default/dashboard.html]
[templates.envytheme.com/eeza/default/assets/images/products/products-img1.jpg]
[templates.envytheme.com/eeza/default/assets/images/products/products-img2.jpg]
[templates.envytheme.com/eeza/default/assets/images/products/products-img3.jpg]
[templates.envytheme.com/eeza/default/assets/images/products/products-img4.jpg]
[templates.envytheme.com/eeza/default/assets/images/products/products-img5.jpg]
[templates.envytheme.com/eeza/default/assets/images/products/products-img6.jpg]
[templates.envytheme.com/eeza/default/assets/images/products/products-img7.jpg]
[templates.envytheme.com/eeza/default/assets/images/products/products-img8.jpg]
[templates.envytheme.com/eeza/default/assets/images/products/products-img9.jpg]
[templates.envytheme.com/eeza/default/shop.html]
[templates.envytheme.com/eeza/default/shop-details.html]
[templates.envytheme.com/eeza/default/cart.html]
[templates.envytheme.com/eeza/default/checkout.html]
[templates.envytheme.com/eeza/default/my-account.html]
[templates.envytheme.com/eeza/default/about-us.html]
[templates.envytheme.com/eeza/default/pricing-plan.html]
[templates.envytheme.com/eeza/default/assets/images/gallery/gallery-1.jpg]
[templates.envytheme.com/eeza/default/assets/images/gallery/gallery-2.jpg]
[templates.envytheme.com/eeza/default/assets/images/gallery/gallery-3.jpg]
[templates.envytheme.com/eeza/default/assets/images/gallery/gallery-4.jpg]
[templates.envytheme.com/eeza/default/assets/images/gallery/gallery-5.jpg]
[templates.envytheme.com/eeza/default/assets/images/gallery/gallery-6.jpg]
[templates.envytheme.com/eeza/default/assets/images/gallery/gallery-7.jpg]
[templates.envytheme.com/eeza/default/assets/images/gallery/gallery-8.jpg]
[templates.envytheme.com/eeza/default/assets/images/gallery/gallery-9.jpg]
[templates.envytheme.com/eeza/default/gallery.html]
[templates.envytheme.com/eeza/default/testimonials.html]
[templates.envytheme.com/eeza/default/faq.html]
[templates.envytheme.com/eeza/default/dashboard-invoice.html]
[templates.envytheme.com/eeza/default/terms-of-service.html]
[templates.envytheme.com/eeza/default/privacy-policy.html]
[templates.envytheme.com/eeza/default/assets/images/error.png]
[templates.envytheme.com/eeza/default/error-404.html]
[templates.envytheme.com/eeza/default/coming-soon.html]
[templates.envytheme.com/eeza/default/assets/images/blog/blog-9.jpg]
[templates.envytheme.com/eeza/default/blog.html]
[templates.envytheme.com/eeza/default/blog-right-sidebar.html]
[templates.envytheme.com/eeza/default/assets/images/author.jpg]
[templates.envytheme.com/eeza/default/assets/images/blog-details.jpg]
[templates.envytheme.com/eeza/default/blog-details.html]
[templates.envytheme.com/eeza/default/contact.html]
[templates.envytheme.com/eeza/default/dashboard-post-job.html]
[templates.envytheme.com/eeza/default/assets/fonts/flaticon89b2.svg]
[templates.envytheme.com/eeza/default/assets/fonts/remixicondf6d.html]
[templates.envytheme.com/eeza/default/assets/css/owl.video.play.html]
[templates.envytheme.com/eeza/default/assets/images/my-profile.jpg]
[templates.envytheme.com/eeza/default/dashboard-company-profile.html]
[templates.envytheme.com/eeza/default/dashboard-manage-job.html]
[templates.envytheme.com/eeza/default/assets/images/applicants/applicants-7.jpg]
[templates.envytheme.com/eeza/default/assets/images/applicants/applicants-8.jpg]
[templates.envytheme.com/eeza/default/dashboard-applicants.html]
[templates.envytheme.com/eeza/default/dashboard-shorlisted-resume.html]
[templates.envytheme.com/eeza/default/dashboard-packages.html]
[templates.envytheme.com/eeza/default/assets/images/dashboard/user2.jpg]
[templates.envytheme.com/eeza/default/assets/images/dashboard/user3.jpg]
[templates.envytheme.com/eeza/default/assets/images/dashboard/user4.jpg]
[templates.envytheme.com/eeza/default/assets/images/dashboard/user5.jpg]
[templates.envytheme.com/eeza/default/assets/images/dashboard/user6.jpg]
[templates.envytheme.com/eeza/default/assets/images/dashboard/user7.jpg]
[templates.envytheme.com/eeza/default/assets/images/dashboard/user8.jpg]
[templates.envytheme.com/eeza/default/assets/images/dashboard/user9.jpg]
[templates.envytheme.com/eeza/default/assets/images/dashboard/user10.jpg]
[templates.envytheme.com/eeza/default/dashboard-messages.html]
[templates.envytheme.com/eeza/default/dashboard-resume-alerts.html]
[templates.envytheme.com/eeza/default/dashboard-change-password.html]
[templates.envytheme.com/eeza/default/dashboard-my-profile.html]
[templates.envytheme.com/eeza/default/candidates-dashboard-my-profile.html]
[templates.envytheme.com/eeza/default/candidates-dashboard-my-resume.html]
[templates.envytheme.com/eeza/default/candidates-dashboard-applied-job.html]
[templates.envytheme.com/eeza/default/candidates-dashboard-job-alerts.html]
[templates.envytheme.com/eeza/default/candidates-dashboard-shortlisted-job.html]
[templates.envytheme.com/eeza/default/candidates-dashboard-cv-manager.html]
[templates.envytheme.com/eeza/default/candidates-dashboard-submit-resume.html]
